
Microsoft Windows [Version 10.0.19044.2006]
(c) Microsoft Corporation. All rights reserved.

C:\Users\Rajyavardhan Singh\Desktop\New folder (2)>git init
Initialized empty Git repository in C:/Users/Rajyavardhan Singh/Desktop/New folder (2)/.git/

C:\Users\Rajyavardhan Singh\Desktop\New folder (2)>git status
On branch master

No commits yet

Untracked files:
  (use "git add <file>..." to include in what will be committed)
        classapp/
        note.txt

nothing added to commit but untracked files present (use "git add" to track)

C:\Users\Rajyavardhan Singh\Desktop\New folder (2)>git add .
warning: adding embedded git repository: classapp
hint: You've added another git repository inside your current repository.
hint: Clones of the outer repository will not contain the contents of
hint: the embedded repository and will not know how to obtain it.
hint: If you meant to add a submodule, use:
hint:
hint:   git submodule add <url> classapp
hint:
hint: If you added this path by mistake, you can remove it from the
hint: index with:
hint:
hint:   git rm --cached classapp
hint:
hint: See "git help submodule" for more information.

C:\Users\Rajyavardhan Singh\Desktop\New folder (2)>git status
On branch master

No commits yet

Changes to be committed:
  (use "git rm --cached <file>..." to unstage)
        new file:   classapp
        new file:   note.txt

Changes not staged for commit:
  (use "git add <file>..." to update what will be committed)
  (use "git restore <file>..." to discard changes in working directory)
  (commit or discard the untracked or modified content in submodules)
        modified:   classapp (modified content, untracked content)


C:\Users\Rajyavardhan Singh\Desktop\New folder (2)>git commit -m "inital commit"
[master (root-commit) 69242be] inital commit
 2 files changed, 2 insertions(+)
 create mode 160000 classapp
 create mode 100644 note.txt

C:\Users\Rajyavardhan Singh\Desktop\New folder (2)>git remote add origin https://github.com/Rajyavardhan21/dayana.git

C:\Users\Rajyavardhan Singh\Desktop\New folder (2)>git branch -m master

C:\Users\Rajyavardhan Singh\Desktop\New folder (2)>git push -u origin master
Enumerating objects: 3, done.
Counting objects: 100% (3/3), done.
Delta compression using up to 4 threads
Compressing objects: 100% (2/2), done.
Writing objects: 100% (3/3), 255 bytes | 127.00 KiB/s, done.
Total 3 (delta 0), reused 0 (delta 0), pack-reused 0
To https://github.com/Rajyavardhan21/dayana.git
 * [new branch]      master -> master
branch 'master' set up to track 'origin/master'.

C:\Users\Rajyavardhan Singh\Desktop\New folder (2)>
